bun test v1.2.14 (6a363a38)

tests/gui.test.ts:
(pass) Alloy:gui > Native Component Generation > Button > creation with props [2.08ms]
(pass) Alloy:gui > Native Component Generation > TextField > creation with props [0.32ms]
(pass) Alloy:gui > Native Component Generation > Window > creation with complex props [0.28ms]
(pass) Alloy:gui > Native Component Generation > VStack and HStack layout [0.41ms]
(pass) Alloy:gui > Native Component Generation > Comprehensive component test suite [23.36ms]
(pass) Alloy:gui > Native Component Generation > Component lifecycle: update, destroy, and addChild [0.87ms]
(pass) Alloy:gui > Component object creation (ASX representation) [0.05ms]
(pass) Alloy:gui > Bridge createComponent [1.88ms]
(pass) Alloy:gui > Styling and Color API [0.35ms]
(pass) Alloy:gui > Complex Layout props [0.11ms]

 10 pass
 0 fail
 109 expect() calls
Ran 10 tests across 1 files. [203.00ms]
